error[E0310]: the parameter type `impl FnOnce(T) -> dyn Future<Output = ()>` may not live long enough
  --> $DIR/issue-120223.rs:6:5
   |
LL |     Box::new(executor)
   |     ^^^^^^^^^^^^^^^^^^
   |     |
   |     the parameter type `impl FnOnce(T) -> dyn Future<Output = ()>` must be valid for the static lifetime...
   |     ...so that the type `impl FnOnce(T) -> dyn Future<Output = ()>` will meet its required lifetime bounds
   |
help: consider adding an explicit lifetime bound
   |
LL |     executor: impl FnOnce(T) -> (dyn Future<Output = ()>) + 'static,
   |                                 +                       +++++++++++

error: aborting due to 1 previous error

For more information about this error, try `rustc --explain E0310`.
